src/App.tsx(17,3): error TS6133: 'History' is declared but its value is never read.
src/App.tsx(46,28): error TS2503: Cannot find namespace 'NodeJS'.
src/App.tsx(320,19): error TS2322: Type '{ ref: RefObject<HTMLDivElement | null>; contentEditable: true; placeholder: string; onInput: () => void; className: string; }' is not assignable to type 'DetailedHTMLProps<HTMLAttributes<HTMLDivElement>, HTMLDivElement>'.
  Property 'placeholder' does not exist on type 'DetailedHTMLProps<HTMLAttributes<HTMLDivElement>, HTMLDivElement>'.
